# SoFiA source catalogue
# Creator: SoFiA 2.3.0
# Time:
#
# Header rows:
#   1 = column number
#   2 = parameter name
#   3 = parameter unit
#
#                           1             2             3             4             5             6             7             8             9            10            11            12            13            14            15            16            17            18            19            20            21            22            23            24            25            26            27            28            29            30            31            32            33            34
#                        name            id             x             y             z         x_min         x_max         y_min         y_max         z_min         z_max         n_pix         f_min         f_max         f_sum           rel          flag           rms           w20           w50       ell_maj       ell_min        ell_pa     ell3s_maj     ell3s_min      ell3s_pa        kin_pa         err_x         err_y         err_z     err_f_sum            ra           dec         v_opt
#                                                     pix           pix           pix           pix           pix           pix           pix           pix           pix                   beam-1 Jy     beam-1 Jy     beam-1 Jy                                 beam-1 Jy           pix           pix           pix           pix           deg           pix           pix           deg           deg           pix           pix           pix     beam-1 Jy           deg           deg           m/s

    SoFiA J120416.89+615327.8             1      4.785596     19.126010     46.547008             0            10            15            23            36            55            71  -3.04504e-04      0.001900      0.061863      0.998941             1   5.29586e-04      2.286325      1.217352      9.568460      2.184168    -56.806343     10.873013      1.417914    -54.058785    304.652375      0.265439      0.176825      0.257416      0.004462    181.070360     61.891065   1.29620e+06
    SoFiA J120410.26+615623.0             2      9.652698     36.575923     17.726576             0            19            21            45             0            36           860     -0.001593      0.002165      0.493304      0.996164             3   5.00344e-04     29.339514      2.056354     12.947491      7.816659    -50.683270     12.688019      9.292157    -44.221236    329.557973      0.146599      0.126316      0.219000      0.014673    181.042746     61.939711   1.05858e+06
    SoFiA J120352.31+615108.1             3     22.022874      4.928334     28.141066            14            27             0             8            24            33           145  -8.01339e-04      0.002017      0.060829      0.839564             1   6.06784e-04      7.068247      1.690652      4.371655      3.635153    -73.088522      9.200222      0.767557     21.316897    238.689347      0.210958      0.144445      0.114561      0.007307    180.967957     61.852244   1.14445e+06
